// Jest Snapshot v1, https://jestjs.io/docs/snapshot-testing

exports[`ts-interface snapshot (global_config.xlsx) matches snapshot 1`] = `
"/** this file is auto generated */
//imports
        
export type GlobalConfigTID = TableContext.KHTableID;

export interface IGlobalConfig {
  _tid: GlobalConfigTID;
  ID: number;
  value: "Map"[];
  value2: string;
  describe: string;
}
"
`;
